../Core/Src/main.c:657:13:parse_kv_int	32	static
../Core/Src/main.c:544:6:SystemClock_Config	88	static,ignoring_inline_asm
../Core/Src/main.c:592:19:Flash_WriteStruct	24	static
../Core/Src/main.c:105:5:main	280	static
../Core/Src/main.c:624:6:Flash_ReadStruct	0	static
../Core/Src/main.c:630:6:HAL_TIM_PeriodElapsedCallback	0	static
../Core/Src/main.c:639:6:HAL_UART_RxCpltCallback	8	static
../Core/Src/main.c:648:6:HAL_UART_TxCpltCallback	0	static
../Core/Src/main.c:678:6:Error_Handler	0	static,ignoring_inline_asm
